[INFO] Scanning for projects...
[INFO] 
[INFO] ------------------------< com.ums:ums-backend >-------------------------
[INFO] Building ums-backend 0.0.1-SNAPSHOT
[INFO]   from pom.xml
[INFO] --------------------------------[ jar ]---------------------------------
[INFO] 
[INFO] >>> spring-boot:3.4.12:run (default-cli) > test-compile @ ums-backend >>>
[INFO] 
[INFO] --- resources:3.3.1:resources (default-resources) @ ums-backend ---
[INFO] Copying 2 resources from src/main/resources to target/classes
[INFO] Copying 0 resource from src/main/resources to target/classes
[INFO] 
[INFO] --- compiler:3.13.0:compile (default-compile) @ ums-backend ---
[INFO] Nothing to compile - all classes are up to date.
[INFO] 
[INFO] --- resources:3.3.1:testResources (default-testResources) @ ums-backend ---
[INFO] skip non existing resourceDirectory /Users/ayush/Desktop/Oops_PROJECTS/ums-backend/src/test/resources
[INFO] 
[INFO] --- compiler:3.13.0:testCompile (default-testCompile) @ ums-backend ---
[INFO] Nothing to compile - all classes are up to date.
[INFO] 
[INFO] <<< spring-boot:3.4.12:run (default-cli) < test-compile @ ums-backend <<<
[INFO] 
[INFO] 
[INFO] --- spring-boot:3.4.12:run (default-cli) @ ums-backend ---
[INFO] Attaching agents: []

  .   ____          _            __ _ _
 /\\ / ___'_ __ _ _(_)_ __  __ _ \ \ \ \
( ( )\___ | '_ | '_| | '_ \/ _` | \ \ \ \
 \\/  ___)| |_)| | | | | || (_| |  ) ) ) )
  '  |____| .__|_| |_|_| |_\__, | / / / /
 =========|_|==============|___/=/_/_/_/

 :: Spring Boot ::               (v3.4.12)

2026-03-01T01:07:53.522+05:30  INFO 63961 --- [ums-backend] [           main] com.ums.backend.UmsBackendApplication    : Starting UmsBackendApplication using Java 25.0.2 with PID 63961 (/Users/ayush/Desktop/Oops_PROJECTS/ums-backend/target/classes started by ayush in /Users/ayush/Desktop/Oops_PROJECTS/ums-backend)
2026-03-01T01:07:53.523+05:30  INFO 63961 --- [ums-backend] [           main] com.ums.backend.UmsBackendApplication    : No active profile set, falling back to 1 default profile: "default"
2026-03-01T01:07:53.754+05:30  INFO 63961 --- [ums-backend] [           main] .s.d.r.c.RepositoryConfigurationDelegate : Bootstrapping Spring Data JPA repositories in DEFAULT mode.
2026-03-01T01:07:53.774+05:30  INFO 63961 --- [ums-backend] [           main] .s.d.r.c.RepositoryConfigurationDelegate : Finished Spring Data repository scanning in 17 ms. Found 10 JPA repository interfaces.
2026-03-01T01:07:53.913+05:30  INFO 63961 --- [ums-backend] [           main] o.s.b.w.embedded.tomcat.TomcatWebServer  : Tomcat initialized with port 8080 (http)
2026-03-01T01:07:53.917+05:30  INFO 63961 --- [ums-backend] [           main] o.apache.catalina.core.StandardService   : Starting service [Tomcat]
2026-03-01T01:07:53.917+05:30  INFO 63961 --- [ums-backend] [           main] o.apache.catalina.core.StandardEngine    : Starting Servlet engine: [Apache Tomcat/10.1.49]
2026-03-01T01:07:53.931+05:30  INFO 63961 --- [ums-backend] [           main] o.a.c.c.C.[Tomcat].[localhost].[/]       : Initializing Spring embedded WebApplicationContext
2026-03-01T01:07:53.931+05:30  INFO 63961 --- [ums-backend] [           main] w.s.c.ServletWebServerApplicationContext : Root WebApplicationContext: initialization completed in 393 ms
2026-03-01T01:07:53.993+05:30  INFO 63961 --- [ums-backend] [           main] o.hibernate.jpa.internal.util.LogHelper  : HHH000204: Processing PersistenceUnitInfo [name: default]
2026-03-01T01:07:54.004+05:30  INFO 63961 --- [ums-backend] [           main] org.hibernate.Version                    : HHH000412: Hibernate ORM core version 6.6.36.Final
2026-03-01T01:07:54.014+05:30  INFO 63961 --- [ums-backend] [           main] o.h.c.internal.RegionFactoryInitiator    : HHH000026: Second-level cache disabled
2026-03-01T01:07:54.084+05:30  INFO 63961 --- [ums-backend] [           main] o.s.o.j.p.SpringPersistenceUnitInfo      : No LoadTimeWeaver setup: ignoring JPA class transformer
2026-03-01T01:07:54.091+05:30  INFO 63961 --- [ums-backend] [           main] com.zaxxer.hikari.HikariDataSource       : HikariPool-1 - Starting...
2026-03-01T01:07:54.224+05:30  INFO 63961 --- [ums-backend] [           main] com.zaxxer.hikari.pool.HikariPool        : HikariPool-1 - Added connection com.mysql.cj.jdbc.ConnectionImpl@2833c093
2026-03-01T01:07:54.225+05:30  INFO 63961 --- [ums-backend] [           main] com.zaxxer.hikari.HikariDataSource       : HikariPool-1 - Start completed.
2026-03-01T01:07:54.248+05:30  INFO 63961 --- [ums-backend] [           main] org.hibernate.orm.connections.pooling    : HHH10001005: Database info:
	Database JDBC URL [Connecting through datasource 'HikariDataSource (HikariPool-1)']
	Database driver: undefined/unknown
	Database version: 9.5
	Autocommit mode: undefined/unknown
	Isolation level: undefined/unknown
	Minimum pool size: undefined/unknown
	Maximum pool size: undefined/unknown
2026-03-01T01:07:54.512+05:30  INFO 63961 --- [ums-backend] [           main] o.h.e.t.j.p.i.JtaPlatformInitiator       : HHH000489: No JTA platform available (set 'hibernate.transaction.jta.platform' to enable JTA platform integration)
2026-03-01T01:07:54.532+05:30  INFO 63961 --- [ums-backend] [           main] j.LocalContainerEntityManagerFactoryBean : Initialized JPA EntityManagerFactory for persistence unit 'default'
2026-03-01T01:07:54.694+05:30  INFO 63961 --- [ums-backend] [           main] eAuthenticationProviderManagerConfigurer : Global AuthenticationManager configured with AuthenticationProvider bean with name authenticationProvider
2026-03-01T01:07:54.694+05:30  WARN 63961 --- [ums-backend] [           main] r$InitializeUserDetailsManagerConfigurer : Global AuthenticationManager configured with an AuthenticationProvider bean. UserDetailsService beans will not be used by Spring Security for automatically configuring username/password login. Consider removing the AuthenticationProvider bean. Alternatively, consider using the UserDetailsService in a manually instantiated DaoAuthenticationProvider. If the current configuration is intentional, to turn off this warning, increase the logging level of 'org.springframework.security.config.annotation.authentication.configuration.InitializeUserDetailsBeanManagerConfigurer' to ERROR
2026-03-01T01:07:54.713+05:30  WARN 63961 --- [ums-backend] [           main] JpaBaseConfiguration$JpaWebConfiguration : spring.jpa.open-in-view is enabled by default. Therefore, database queries may be performed during view rendering. Explicitly configure spring.jpa.open-in-view to disable this warning
2026-03-01T01:07:54.803+05:30  INFO 63961 --- [ums-backend] [           main] o.s.b.a.e.web.EndpointLinksResolver      : Exposing 1 endpoint beneath base path '/actuator'
2026-03-01T01:07:54.899+05:30  INFO 63961 --- [ums-backend] [           main] o.s.b.w.embedded.tomcat.TomcatWebServer  : Tomcat started on port 8080 (http) with context path '/'
2026-03-01T01:07:54.904+05:30  INFO 63961 --- [ums-backend] [           main] com.ums.backend.UmsBackendApplication    : Started UmsBackendApplication in 1.484 seconds (process running for 1.571)
2026-03-01T01:08:01.320+05:30  INFO 63961 --- [ums-backend] [nio-8080-exec-1] o.a.c.c.C.[Tomcat].[localhost].[/]       : Initializing Spring DispatcherServlet 'dispatcherServlet'
2026-03-01T01:08:01.321+05:30  INFO 63961 --- [ums-backend] [nio-8080-exec-1] o.s.web.servlet.DispatcherServlet        : Initializing Servlet 'dispatcherServlet'
2026-03-01T01:08:01.322+05:30  INFO 63961 --- [ums-backend] [nio-8080-exec-1] o.s.web.servlet.DispatcherServlet        : Completed initialization in 1 ms
2026-03-01T01:30:40.487+05:30  WARN 63961 --- [ums-backend] [l-1 housekeeper] com.zaxxer.hikari.pool.HikariPool        : HikariPool-1 - Thread starvation or clock leap detected (housekeeper delta=16m46s109ms).
2026-03-01T03:09:01.247+05:30  WARN 63961 --- [ums-backend] [l-1 housekeeper] com.zaxxer.hikari.pool.HikariPool        : HikariPool-1 - Thread starvation or clock leap detected (housekeeper delta=1h38m20s761ms).
2026-03-01T03:50:09.230+05:30  WARN 63961 --- [ums-backend] [l-1 housekeeper] com.zaxxer.hikari.pool.HikariPool        : HikariPool-1 - Thread starvation or clock leap detected (housekeeper delta=41m7s982ms).
2026-03-01T05:16:21.690+05:30  WARN 63961 --- [ums-backend] [l-1 housekeeper] com.zaxxer.hikari.pool.HikariPool        : HikariPool-1 - Thread starvation or clock leap detected (housekeeper delta=1h26m12s461ms).
2026-03-01T06:54:19.525+05:30  WARN 63961 --- [ums-backend] [l-1 housekeeper] com.zaxxer.hikari.pool.HikariPool        : HikariPool-1 - Thread starvation or clock leap detected (housekeeper delta=1h37m57s835ms).
2026-03-01T07:45:34.511+05:30  WARN 63961 --- [ums-backend] [l-1 housekeeper] com.zaxxer.hikari.pool.HikariPool        : HikariPool-1 - Thread starvation or clock leap detected (housekeeper delta=51m14s986ms).
2026-03-01T09:14:36.269+05:30  WARN 63961 --- [ums-backend] [l-1 housekeeper] com.zaxxer.hikari.pool.HikariPool        : HikariPool-1 - Thread starvation or clock leap detected (housekeeper delta=1h29m1s758ms).
2026-03-01T10:49:19.420+05:30  WARN 63961 --- [ums-backend] [l-1 housekeeper] com.zaxxer.hikari.pool.HikariPool        : HikariPool-1 - Thread starvation or clock leap detected (housekeeper delta=1h34m43s151ms).
2026-03-01T12:07:30.761+05:30  WARN 63961 --- [ums-backend] [l-1 housekeeper] com.zaxxer.hikari.pool.HikariPool        : HikariPool-1 - Thread starvation or clock leap detected (housekeeper delta=1h18m11s341ms).
2026-03-01T13:11:38.086+05:30  WARN 63961 --- [ums-backend] [l-1 housekeeper] com.zaxxer.hikari.pool.HikariPool        : HikariPool-1 - Thread starvation or clock leap detected (housekeeper delta=1h4m7s325ms).
2026-03-01T14:06:57.237+05:30  WARN 63961 --- [ums-backend] [l-1 housekeeper] com.zaxxer.hikari.pool.HikariPool        : HikariPool-1 - Thread starvation or clock leap detected (housekeeper delta=55m19s151ms).
2026-03-01T15:37:51.097+05:30  WARN 63961 --- [ums-backend] [l-1 housekeeper] com.zaxxer.hikari.pool.HikariPool        : HikariPool-1 - Thread starvation or clock leap detected (housekeeper delta=1h30m53s860ms).
2026-03-01T16:55:08.429+05:30  WARN 63961 --- [ums-backend] [l-1 housekeeper] com.zaxxer.hikari.pool.HikariPool        : HikariPool-1 - Thread starvation or clock leap detected (housekeeper delta=1h17m17s332ms).
2026-03-01T18:12:32.005+05:30  WARN 63961 --- [ums-backend] [l-1 housekeeper] com.zaxxer.hikari.pool.HikariPool        : HikariPool-1 - Thread starvation or clock leap detected (housekeeper delta=1h17m23s576ms).
2026-03-01T18:24:52.803+05:30  WARN 63961 --- [ums-backend] [l-1 housekeeper] com.zaxxer.hikari.pool.HikariPool        : HikariPool-1 - Thread starvation or clock leap detected (housekeeper delta=12m20s798ms).
2026-03-01T21:42:02.141+05:30  WARN 63961 --- [ums-backend] [l-1 housekeeper] com.zaxxer.hikari.pool.HikariPool        : HikariPool-1 - Thread starvation or clock leap detected (housekeeper delta=21m58s486ms).
2026-03-01T21:48:44.939+05:30  WARN 63961 --- [ums-backend] [l-1 housekeeper] com.zaxxer.hikari.pool.HikariPool        : HikariPool-1 - Thread starvation or clock leap detected (housekeeper delta=6m42s799ms).
2026-03-02T00:30:36.905+05:30  WARN 63961 --- [ums-backend] [l-1 housekeeper] com.zaxxer.hikari.pool.HikariPool        : HikariPool-1 - Thread starvation or clock leap detected (housekeeper delta=1h36m21s456ms).
2026-03-02T00:38:54.257+05:30  WARN 63961 --- [ums-backend] [l-1 housekeeper] com.zaxxer.hikari.pool.HikariPool        : HikariPool-1 - Thread starvation or clock leap detected (housekeeper delta=8m17s352ms).
2026-03-02T01:34:38.406+05:30  WARN 63961 --- [ums-backend] [l-1 housekeeper] com.zaxxer.hikari.pool.HikariPool        : HikariPool-1 - Thread starvation or clock leap detected (housekeeper delta=50m44s113ms).
2026-03-02T02:45:12.382+05:30  WARN 63961 --- [ums-backend] [l-1 housekeeper] com.zaxxer.hikari.pool.HikariPool        : HikariPool-1 - Thread starvation or clock leap detected (housekeeper delta=1h10m33s976ms).
2026-03-02T03:33:38.682+05:30  WARN 63961 --- [ums-backend] [l-1 housekeeper] com.zaxxer.hikari.pool.HikariPool        : HikariPool-1 - Thread starvation or clock leap detected (housekeeper delta=48m26s300ms).
2026-03-02T05:09:27.620+05:30  WARN 63961 --- [ums-backend] [l-1 housekeeper] com.zaxxer.hikari.pool.HikariPool        : HikariPool-1 - Thread starvation or clock leap detected (housekeeper delta=1h35m48s938ms).
2026-03-02T06:12:25.902+05:30  WARN 63961 --- [ums-backend] [l-1 housekeeper] com.zaxxer.hikari.pool.HikariPool        : HikariPool-1 - Thread starvation or clock leap detected (housekeeper delta=1h2m58s282ms).
2026-03-02T07:49:47.649+05:30  WARN 63961 --- [ums-backend] [l-1 housekeeper] com.zaxxer.hikari.pool.HikariPool        : HikariPool-1 - Thread starvation or clock leap detected (housekeeper delta=1h37m21s747ms).
2026-03-02T09:01:42.791+05:30  WARN 63961 --- [ums-backend] [l-1 housekeeper] com.zaxxer.hikari.pool.HikariPool        : HikariPool-1 - Thread starvation or clock leap detected (housekeeper delta=1h11m55s142ms).
2026-03-02T10:33:36.069+05:30  WARN 63961 --- [ums-backend] [l-1 housekeeper] com.zaxxer.hikari.pool.HikariPool        : HikariPool-1 - Thread starvation or clock leap detected (housekeeper delta=1h31m53s278ms).
2026-03-02T11:35:08.874+05:30  WARN 63961 --- [ums-backend] [l-1 housekeeper] com.zaxxer.hikari.pool.HikariPool        : HikariPool-1 - Thread starvation or clock leap detected (housekeeper delta=1h1m32s805ms).
2026-03-02T12:48:06.458+05:30  WARN 63961 --- [ums-backend] [l-1 housekeeper] com.zaxxer.hikari.pool.HikariPool        : HikariPool-1 - Thread starvation or clock leap detected (housekeeper delta=1h12m57s584ms).
2026-03-02T13:50:41.497+05:30  WARN 63961 --- [ums-backend] [l-1 housekeeper] com.zaxxer.hikari.pool.HikariPool        : HikariPool-1 - Thread starvation or clock leap detected (housekeeper delta=1h2m35s39ms).
2026-03-02T15:07:03.536+05:30  WARN 63961 --- [ums-backend] [l-1 housekeeper] com.zaxxer.hikari.pool.HikariPool        : HikariPool-1 - Thread starvation or clock leap detected (housekeeper delta=1h16m22s39ms).
2026-03-02T15:41:59.830+05:30  WARN 63961 --- [ums-backend] [l-1 housekeeper] com.zaxxer.hikari.pool.HikariPool        : HikariPool-1 - Thread starvation or clock leap detected (housekeeper delta=34m56s294ms).
2026-03-02T15:58:29.788+05:30  WARN 63961 --- [ums-backend] [l-1 housekeeper] com.zaxxer.hikari.pool.HikariPool        : HikariPool-1 - Retrograde clock change detected (housekeeper delta=29s835ms), soft-evicting connections from pool.
2026-03-02T16:22:28.853+05:30  WARN 63961 --- [ums-backend] [l-1 housekeeper] com.zaxxer.hikari.pool.HikariPool        : HikariPool-1 - Thread starvation or clock leap detected (housekeeper delta=1m58s837ms).
2026-03-02T16:24:00.844+05:30  WARN 63961 --- [ums-backend] [l-1 housekeeper] com.zaxxer.hikari.pool.HikariPool        : HikariPool-1 - Thread starvation or clock leap detected (housekeeper delta=1m1s975ms).
2026-03-02T16:39:59.043+05:30  WARN 63961 --- [ums-backend] [l-1 housekeeper] com.zaxxer.hikari.pool.HikariPool        : HikariPool-1 - Thread starvation or clock leap detected (housekeeper delta=15m28s189ms).
2026-03-02T19:37:09.924+05:30  WARN 63961 --- [ums-backend] [l-1 housekeeper] com.zaxxer.hikari.pool.HikariPool        : HikariPool-1 - Thread starvation or clock leap detected (housekeeper delta=16m36s405ms).
2026-03-02T23:51:40.247+05:30  WARN 63961 --- [ums-backend] [l-1 housekeeper] com.zaxxer.hikari.pool.HikariPool        : HikariPool-1 - Thread starvation or clock leap detected (housekeeper delta=33m23s712ms).
2026-03-03T01:19:34.010+05:30  WARN 63961 --- [ums-backend] [l-1 housekeeper] com.zaxxer.hikari.pool.HikariPool        : HikariPool-1 - Thread starvation or clock leap detected (housekeeper delta=1h27m53s762ms).
2026-03-03T03:00:17.223+05:30  WARN 63961 --- [ums-backend] [l-1 housekeeper] com.zaxxer.hikari.pool.HikariPool        : HikariPool-1 - Thread starvation or clock leap detected (housekeeper delta=1h40m43s214ms).
2026-03-03T04:42:36.923+05:30  WARN 63961 --- [ums-backend] [l-1 housekeeper] com.zaxxer.hikari.pool.HikariPool        : HikariPool-1 - Thread starvation or clock leap detected (housekeeper delta=1h42m19s700ms).
2026-03-03T05:47:32.997+05:30  WARN 63961 --- [ums-backend] [l-1 housekeeper] com.zaxxer.hikari.pool.HikariPool        : HikariPool-1 - Thread starvation or clock leap detected (housekeeper delta=1h4m56s74ms).
2026-03-03T07:13:13.010+05:30  WARN 63961 --- [ums-backend] [l-1 housekeeper] com.zaxxer.hikari.pool.HikariPool        : HikariPool-1 - Thread starvation or clock leap detected (housekeeper delta=1h25m40s13ms).
2026-03-03T08:29:52.922+05:30  WARN 63961 --- [ums-backend] [l-1 housekeeper] com.zaxxer.hikari.pool.HikariPool        : HikariPool-1 - Thread starvation or clock leap detected (housekeeper delta=1h16m39s912ms).
2026-03-03T10:04:52.361+05:30  WARN 63961 --- [ums-backend] [l-1 housekeeper] com.zaxxer.hikari.pool.HikariPool        : HikariPool-1 - Thread starvation or clock leap detected (housekeeper delta=1h34m59s439ms).
2026-03-03T11:17:14.855+05:30  WARN 63961 --- [ums-backend] [l-1 housekeeper] com.zaxxer.hikari.pool.HikariPool        : HikariPool-1 - Thread starvation or clock leap detected (housekeeper delta=1h12m22s494ms).
2026-03-03T12:52:09.747+05:30  WARN 63961 --- [ums-backend] [l-1 housekeeper] com.zaxxer.hikari.pool.HikariPool        : HikariPool-1 - Thread starvation or clock leap detected (housekeeper delta=1h34m54s892ms).
2026-03-03T14:10:13.268+05:30  WARN 63961 --- [ums-backend] [l-1 housekeeper] com.zaxxer.hikari.pool.HikariPool        : HikariPool-1 - Thread starvation or clock leap detected (housekeeper delta=1h18m3s521ms).
2026-03-03T14:17:10.597+05:30  WARN 63961 --- [ums-backend] [l-1 housekeeper] com.zaxxer.hikari.pool.HikariPool        : HikariPool-1 - Thread starvation or clock leap detected (housekeeper delta=6m57s328ms).
2026-03-03T15:28:56.338+05:30  INFO 63961 --- [ums-backend] [ionShutdownHook] o.s.b.w.e.tomcat.GracefulShutdown        : Commencing graceful shutdown. Waiting for active requests to complete
2026-03-03T15:28:56.348+05:30  INFO 63961 --- [ums-backend] [tomcat-shutdown] o.s.b.w.e.tomcat.GracefulShutdown        : Graceful shutdown complete
2026-03-03T15:28:56.358+05:30  INFO 63961 --- [ums-backend] [ionShutdownHook] j.LocalContainerEntityManagerFactoryBean : Closing JPA EntityManagerFactory for persistence unit 'default'
2026-03-03T15:28:56.364+05:30  INFO 63961 --- [ums-backend] [ionShutdownHook] com.zaxxer.hikari.HikariDataSource       : HikariPool-1 - Shutdown initiated...
2026-03-03T15:28:56.367+05:30  INFO 63961 --- [ums-backend] [ionShutdownHook] com.zaxxer.hikari.HikariDataSource       : HikariPool-1 - Shutdown completed.
